// Jest Snapshot v1, https://goo.gl/fbAQLP

exports[`AppComponent should create the app 1`] = `
<div
  id="root0"
>
   Angular ui

</div>
`;
