// Jest Snapshot v1, https://goo.gl/fbAQLP

exports[`ExperimentInfoBarComponent should be shown 1`] = `
<div
  id="root0"
/>
`;
