// Jest Snapshot v1, https://goo.gl/fbAQLP

exports[`BrContainerItemUndefinedComponent should render a message 1`] = `
<div
  id="root0"
>
   Component "Some Type" is not defined.

</div>
`;
