// Jest Snapshot v1, https://goo.gl/fbAQLP

exports[`BrContainerOrderedList render should render container's children 1`] = `
<ol class="">
  <li class=""><span id="child1"></span></li>
  <li class=""><span id="child2"></span></li>
</ol>
`;

exports[`BrContainerOrderedList render should render preview classes 1`] = `
<ol class="hst-container">
  <li class="hst-container-item"><span id="child1"></span></li>
  <li class="hst-container-item"><span id="child2"></span></li>
</ol>
`;
