// Jest Snapshot v1, https://goo.gl/fbAQLP

exports[`BrContainerUnorderedList render should render container's children 1`] = `
<ul class="">
  <li class=""><span id="child1"></span></li>
  <li class=""><span id="child2"></span></li>
</ul>
`;

exports[`BrContainerUnorderedList render should render preview classes 1`] = `
<ul class="hst-container">
  <li class="hst-container-item"><span id="child1"></span></li>
  <li class="hst-container-item"><span id="child2"></span></li>
</ul>
`;
