// Jest Snapshot v1, https://goo.gl/fbAQLP

exports[`BrContainerBox render should render container's children 1`] = `
<div class="">
  <div class=""><span id="child1"></span></div>
  <div class=""><span id="child2"></span></div>
</div>
`;

exports[`BrContainerBox render should render preview classes 1`] = `
<div class="hst-container">
  <div class="hst-container-item"><span id="child1"></span></div>
  <div class="hst-container-item"><span id="child2"></span></div>
</div>
`;
