// Jest Snapshot v1, https://goo.gl/fbAQLP

exports[`BrNodeContainer render should render a container based on the type 1`] = `
<br-container-box-stub page="[object Object]" component="[object Object]">
  <div></div>
</br-container-box-stub>
`;

exports[`BrNodeContainer render should render a container based on the type 2`] = `
<br-container-inline-stub page="[object Object]" component="[object Object]">
  <div></div>
</br-container-inline-stub>
`;

exports[`BrNodeContainer render should render a container based on the type 3`] = `
<br-container-no-markup-stub component="[object Object]" page="[object Object]">
  <div></div>
</br-container-no-markup-stub>
`;

exports[`BrNodeContainer render should render a container based on the type 4`] = `
<br-container-ordered-list-stub page="[object Object]" component="[object Object]">
  <div></div>
</br-container-ordered-list-stub>
`;

exports[`BrNodeContainer render should render a container based on the type 5`] = `
<br-container-unordered-list-stub page="[object Object]" component="[object Object]">
  <div></div>
</br-container-unordered-list-stub>
`;

exports[`BrNodeContainer render should render a mapped container 1`] = `
<somecontainer-stub component="[object Object]" page="[object Object]">
  <div></div>
</somecontainer-stub>
`;
