// Jest Snapshot v1, https://goo.gl/fbAQLP

exports[`NotificationBarComponent should show the component 1`] = `
<div
  id="root0"
>
  
  <div
    class="label"
  >
    <em-notification-bar-status-icon />
    <em-notification-bar-status-text />
  </div>
</div>
`;
