// Jest Snapshot v1, https://goo.gl/fbAQLP

exports[`initialize should contain components meta-data 1`] = `
Object {
  "HST-Label": "Banner",
  "HST-LastModified": "1568281400490",
  "HST-Render-Variant": "",
  "HST-Type": "CONTAINER_ITEM_COMPONENT",
  "refNS": "r3_r1_r1_r1",
  "url": "/site/my-spa/resourceapi?_hn:type=component-rendering&_hn:ref=r3_r1_r1_r1&org.hippoecm.hst.container.render_host=127.0.0.1",
  "uuid": "03c65ab8-06cc-47d3-b6bd-adc928937c8d",
}
`;

exports[`initialize should contain components meta-data 2`] = `
Object {
  "HST-End": "true",
  "uuid": "03c65ab8-06cc-47d3-b6bd-adc928937c8d",
}
`;

exports[`initialize should contain content meta-data 1`] = `
Object {
  "HST-Type": "MANAGE_CONTENT_LINK",
  "uuid": "895fb1b6-410d-4972-9894-6b6a06d2b361",
}
`;

exports[`initialize should contain page meta-data 1`] = `
Object {
  "HST-Channel-Id": "my-spa-preview",
  "HST-Context-Path": "/site",
  "HST-Mount-Id": "76e65e84-b0b2-4676-8ec0-9893273020de",
  "HST-Page-Editable": "true",
  "HST-Page-Id": "32c9afd2-fd32-4f8e-ae38-7e031c85f47c",
  "HST-Path-Info": "",
  "HST-Render-Variant": "hippo-default",
  "HST-Site-HasPreviewConfig": "true",
  "HST-Site-Id": "7b1539a1-18ad-4523-b7d5-878b0c03600c",
  "HST-Sitemap-Id": "381a7d3b-4f3c-4187-ba81-dcafb9bcf6fc",
  "HST-SitemapItem-Id": "209551ae-27f2-4213-8196-14c8957a6d58",
  "HST-Type": "PAGE-META-DATA",
}
`;

exports[`initialize should contain page meta-data 2`] = `
Object {
  "HST-Page-Request-Variants": Object {},
  "HST-Type": "PAGE-META-DATA",
}
`;

exports[`initialize should react on a component rendering 1`] = `
Array [
  Object {
    "data": "some=value",
    "headers": Object {
      "Authorization": "Bearer something",
      "Content-Type": "application/x-www-form-urlencoded",
    },
    "method": "POST",
    "url": "http://localhost:8080/site/my-spa/resourceapi?_hn%3Atype=component-rendering&_hn%3Aref=r1_r1_r1&org.hippoecm.hst.container.render_host=127.0.0.1",
  },
]
`;

exports[`initialize should rewrite links in the HTML blob 1`] = `"Some text containing <a href=\\"//example.com/news?token=something\\" data-type=\\"internal\\">link1</a>, <a href=\\"//example.com/about?token=something\\" data-type=\\"internal\\">link2</a>, <a href=\\"https://example.com\\">link3</a>, and the image: <img src=\\"http://127.0.0.1/binaries/image.jpg\\"/>"`;
